// Jest Snapshot v1, https://goo.gl/fbAQLP

exports[`components/root snapshot test 1`] = `
<div>
  Hello, World!
</div>
`;
