// Jest Snapshot v1, https://goo.gl/fbAQLP

exports[`components/tinpoppo snapshot test 1`] = `
<pre
  className="sc-bdVaJa pwNqb"
>
      ∧　∧
  (*‘ω‘ *) 　ちんぽっぽ
   (　　　)
  　 v v 　　　
  　　　　  　　ぼいんっ
  　  川
  ( (　　) )
</pre>
`;
